Creating test database for alias 'default' ('file:memorydb_default?mode=memory&cache=shared')...
Found 25 test(s).
Operations to perform:
  Synchronize unmigrated apps: accounts, allauth, ckeditor, ckeditor_uploader, google, messages, staticfiles
  Apply all migrations: account, admin, auth, contenttypes, engine, sessions, sites, socialaccount
Synchronizing apps without migrations:
  Creating tables...
    Running deferred SQL...
Running migrations:
  Applying contenttypes.0001_initial... OK
  Applying auth.0001_initial... OK
  Applying account.0001_initial... OK
  Applying account.0002_email_max_length... OK
  Applying account.0003_alter_emailaddress_create_unique_verified_email... OK
  Applying account.0004_alter_emailaddress_drop_unique_email... OK
  Applying account.0005_emailaddress_idx_upper_email... OK
  Applying account.0006_emailaddress_lower... OK
  Applying account.0007_emailaddress_idx_email... OK
  Applying account.0008_emailaddress_unique_primary_email_fixup... OK
  Applying account.0009_emailaddress_unique_primary_email... OK
  Applying admin.0001_initial... OK
  Applying admin.0002_logentry_remove_auto_add... OK
  Applying admin.0003_logentry_add_action_flag_choices... OK
  Applying contenttypes.0002_remove_content_type_name... OK
  Applying auth.0002_alter_permission_name_max_length... OK
  Applying auth.0003_alter_user_email_max_length... OK
  Applying auth.0004_alter_user_username_opts... OK
  Applying auth.0005_alter_user_last_login_null... OK
  Applying auth.0006_require_contenttypes_0002... OK
  Applying auth.0007_alter_validators_add_error_messages... OK
  Applying auth.0008_alter_user_username_max_length... OK
  Applying auth.0009_alter_user_last_name_max_length... OK
  Applying auth.0010_alter_group_name_max_length... OK
  Applying auth.0011_update_proxy_permissions... OK
  Applying auth.0012_alter_user_first_name_max_length... OK
  Applying engine.0001_initial... OK
  Applying engine.0002_alter_analysissession_dataset... OK
  Applying engine.0003_alter_analysissession_dataset... OK
  Applying engine.0004_alter_analysissession_dataset... OK
  Applying engine.0005_remove_analysissession_heatmap_rel_and_more... OK
  Applying engine.0006_analysissession_fitted_model... OK
  Applying engine.0007_analysissession_ordinal_predictions... OK
  Applying engine.0008_analysissession_multinomial_predictions... OK
  Applying engine.0009_subscriptionplan_analysissession_user_and_more... OK
  Applying engine.0010_page... OK
  Applying engine.0011_page_allow_indexing_page_canonical_url_and_more... OK
  Applying engine.0012_privacypolicy_subscriptiontiersettings_and_more... OK
  Applying engine.0013_testresult... OK
  Applying engine.0014_alter_testresult_category... OK
  Applying engine.0015_update_ai_finetuning_indexes... OK
  Applying engine.0016_add_ai_finetuning_templates... OK
  Applying engine.0017_add_encrypted_fields... OK
  Applying engine.0018_alter_payment_stripe_payment_intent_id_and_more... OK
  Applying engine.0019_alter_payment_stripe_payment_intent_id_and_more... OK
  Applying engine.0020_add_ticket_model... OK
  Applying engine.0021_alter_payment_stripe_payment_intent_id_and_more... OK
  Applying sessions.0001_initial... OK
  Applying sites.0001_initial... OK
  Applying sites.0002_alter_domain_unique... OK
  Applying socialaccount.0001_initial... OK
  Applying socialaccount.0002_token_max_lengths... OK
  Applying socialaccount.0003_extra_data_default_dict... OK
  Applying socialaccount.0004_app_provider_id_settings... OK
  Applying socialaccount.0005_socialtoken_nullable_app... OK
  Applying socialaccount.0006_alter_socialaccount_extra_data...INFO NumExpr defaulting to 14 threads.
System check identified some issues:

WARNINGS:
?: (ckeditor.W001) django-ckeditor bundles CKEditor 4.22.1 which isn't supported anymore and which does have unfixed security issues, see for example https://ckeditor.com/cke4/release/CKEditor-4.24.0-LTS . You should consider strongly switching to a different editor (maybe CKEditor 5 respectively django-ckeditor-5 after checking whether the CKEditor 5 license terms work for you) or switch to the non-free CKEditor 4 LTS package. See https://ckeditor.com/ckeditor-4-support/ for more on this. (Note! This notice has been added by the django-ckeditor developers and we are not affiliated with CKSource and were not involved in the licensing change, so please refrain from complaining to us. Thanks.)
?: settings.ACCOUNT_AUTHENTICATION_METHOD is deprecated, use: settings.ACCOUNT_LOGIN_METHODS = {'email', 'username'}
?: settings.ACCOUNT_EMAIL_REQUIRED is deprecated, use: settings.ACCOUNT_SIGNUP_FIELDS = ['email*', 'username*', 'password1*', 'password2*']
?: settings.ACCOUNT_SIGNUP_EMAIL_ENTER_TWICE is deprecated, use: settings.ACCOUNT_SIGNUP_FIELDS = ['email*', 'username*', 'password1*', 'password2*']
?: settings.ACCOUNT_USERNAME_REQUIRED is deprecated, use: settings.ACCOUNT_SIGNUP_FIELDS = ['email*', 'username*', 'password1*', 'password2*']

System check identified 5 issues (0 silenced).
test_api_ticket_create_endpoint (tests.ticket.test_ticket_system.TicketSystemTestSuite.test_api_ticket_create_endpoint)
API: Ticket create endpoint accepts POST data ... ok
test_api_ticket_detail_endpoint (tests.ticket.test_ticket_system.TicketSystemTestSuite.test_api_ticket_detail_endpoint)
API: Ticket detail endpoint returns correct ticket ... ok
test_api_ticket_list_endpoint (tests.ticket.test_ticket_system.TicketSystemTestSuite.test_api_ticket_list_endpoint)
API: Ticket list endpoint returns correct data ... ok
test_database_constraints (tests.ticket.test_ticket_system.TicketSystemTestSuite.test_database_constraints)
Database: Model constraints are enforced ... ok
test_database_foreign_key_integrity (tests.ticket.test_ticket_system.TicketSystemTestSuite.test_database_foreign_key_integrity)
Database: Foreign key constraints are enforced ... ok
test_database_indexes_exist (tests.ticket.test_ticket_system.TicketSystemTestSuite.test_database_indexes_exist)
Database: Required indexes exist for performance ... ok
test_database_query_performance (tests.ticket.test_ticket_system.TicketSystemTestSuite.test_database_query_performance)
Database: Ticket queries are optimized ... ok
test_e2e_user_reports_bug_and_views_it (tests.ticket.test_ticket_system.TicketSystemTestSuite.test_e2e_user_reports_bug_and_views_it)
E2E: User can report bug and view it in their ticket list ... ok
test_frontend_profile_shows_ticket_section (tests.ticket.test_ticket_system.TicketSystemTestSuite.test_frontend_profile_shows_ticket_section)
Frontend: Profile page shows ticket section ... ok
test_frontend_ticket_create_template_renders (tests.ticket.test_ticket_system.TicketSystemTestSuite.test_frontend_ticket_create_template_renders)
Frontend: Ticket create template renders correctly ... ok
test_frontend_ticket_detail_template_renders (tests.ticket.test_ticket_system.TicketSystemTestSuite.test_frontend_ticket_detail_template_renders)
Frontend: Ticket detail template renders correctly ... ok
test_frontend_ticket_list_template_renders (tests.ticket.test_ticket_system.TicketSystemTestSuite.test_frontend_ticket_list_template_renders)
Frontend: Ticket list template renders correctly ... ok
test_integration_admin_ticket_management (tests.ticket.test_ticket_system.TicketSystemTestSuite.test_integration_admin_ticket_management)
Integration: Admin can manage tickets ... ok
test_integration_create_ticket_workflow (tests.ticket.test_ticket_system.TicketSystemTestSuite.test_integration_create_ticket_workflow)
Integration: Complete ticket creation workflow ... ok
test_monitoring_ticket_creation_logged (tests.ticket.test_ticket_system.TicketSystemTestSuite.test_monitoring_ticket_creation_logged)
Monitoring: Ticket creation is logged ... ok
test_performance_pagination (tests.ticket.test_ticket_system.TicketSystemTestSuite.test_performance_pagination)
Performance: Pagination works efficiently ... ok
test_performance_ticket_list_response_time (tests.ticket.test_ticket_system.TicketSystemTestSuite.test_performance_ticket_list_response_time)
Performance: Ticket list page loads quickly ... ok
test_security_authentication_required (tests.ticket.test_ticket_system.TicketSystemTestSuite.test_security_authentication_required)
Security: Verify authentication is required for ticket views ... ok
test_security_csrf_protection (tests.ticket.test_ticket_system.TicketSystemTestSuite.test_security_csrf_protection)
Security: CSRF protection is enabled ... WARNING Forbidden (CSRF cookie not set.): /accounts/tickets/create/
ok
test_security_sql_injection_prevention (tests.ticket.test_ticket_system.TicketSystemTestSuite.test_security_sql_injection_prevention)
Security: SQL injection attempts are prevented ... ok
test_security_user_isolation (tests.ticket.test_ticket_system.TicketSystemTestSuite.test_security_user_isolation)
Security: Users can only view their own tickets ... WARNING Not Found: /accounts/tickets/1/
ok
test_security_xss_prevention (tests.ticket.test_ticket_system.TicketSystemTestSuite.test_security_xss_prevention)
Security: XSS attacks are prevented in ticket content ... ok
test_unit_ticket_auto_resolved_at (tests.ticket.test_ticket_system.TicketSystemTestSuite.test_unit_ticket_auto_resolved_at)
Unit: Ticket auto-sets resolved_at when status changes ... ok
test_unit_ticket_model_str (tests.ticket.test_ticket_system.TicketSystemTestSuite.test_unit_ticket_model_str)
Unit: Ticket model __str__ method works correctly ... ok
test_unit_ticket_status_choices (tests.ticket.test_ticket_system.TicketSystemTestSuite.test_unit_ticket_status_choices)
Unit: Ticket status choices are valid ... ok

----------------------------------------------------------------------
Ran 25 tests in 3.392s

OK
Destroying test database for alias 'default' ('file:memorydb_default?mode=memory&cache=shared')...
 OK
